C:\Espressif\tools\python\v5.5.
2\venv\Scripts\python.exe : ERR
OR: C:\esp\v5.5.2\esp-idf\tools
\python_env\idf5.5_py3.13_env\S
cripts\python.exe doesn't exist
! Please run the install script
 or "idf_tools.py install-pytho
n-env" in order to create it
At line:1 char:76
+ ... k_ESP32App; C:\Espressif\
tools\python\v5.5.2\venv\Script
s\python.exe  ...
+                 ~~~~~~~~~~~~~
~~~~~~~~~~~~~~~~~~~~~~~~~~~~~~~
~~~~~~~~~~~~~
    + CategoryInfo          :  
   NotSpecified: (ERROR: C:\e  
  sp\v...er to create it:Str   
 ing) [], RemoteException
    + FullyQualifiedErrorId :  
   NativeCommandError
 

fatal: bad object HEAD
fatal: 'git status --porcelain=
2' failed in submodule componen
ts/bootloader/subproject/compon
ents/micro-ecc/micro-ecc
WARNING: Git version unavailabl
e, reading from source
ESP-IDF v5.5.2
